# cortexfs source-budget baseline
all=127586
prod=82045
[files]
25 crates/cortexfs-agent-sdk/examples/echo_agent.rs
924 crates/cortexfs-agent-sdk/src/lib.rs
866 crates/cortexfs-mcp/src/client.rs
36 crates/cortexfs-mcp/src/config.rs
189 crates/cortexfs-mcp/src/main.rs
610 crates/cortexfs-mcp/src/project.rs
204 crates/cortexfs-mcp/src/tool.rs
223 crates/cortexfs-runtime-client/src/agent.rs
127 crates/cortexfs-runtime-client/src/agent/wire.rs
752 crates/cortexfs-runtime-client/src/lib.rs
36 crates/cortexfs-tool-sdk/examples/echo_tool.rs
596 crates/cortexfs-tool-sdk/src/lib.rs
5 crates/cortexfs/src/abi.rs
291 crates/cortexfs/src/abi/authority.rs
242 crates/cortexfs/src/abi/constants.rs
345 crates/cortexfs/src/abi/parse.rs
403 crates/cortexfs/src/abi/path.rs
432 crates/cortexfs/src/abi/request.rs
13 crates/cortexfs/src/agent.rs
296 crates/cortexfs/src/agent/child.rs
225 crates/cortexfs/src/agent/control.rs
527 crates/cortexfs/src/agent/create.rs
2322 crates/cortexfs/src/agent/createop.rs
1965 crates/cortexfs/src/agent/launch.rs
70 crates/cortexfs/src/agent/launch/directory.rs
76 crates/cortexfs/src/agent/launch/meta.rs
22 crates/cortexfs/src/agent/prompt.rs
125 crates/cortexfs/src/agent/prompt/history.rs
55 crates/cortexfs/src/agent/prompt/read.rs
116 crates/cortexfs/src/agent/prompt/render.rs
50 crates/cortexfs/src/agent/prompt/rules.rs
235 crates/cortexfs/src/agent/prompt/skills.rs
86 crates/cortexfs/src/agent/prompt/snapshot.rs
259 crates/cortexfs/src/agent/runtime.rs
10 crates/cortexfs/src/agent/schedule.rs
105 crates/cortexfs/src/agent/schedule/api.rs
201 crates/cortexfs/src/agent/schedule/dependencies.rs
221 crates/cortexfs/src/agent/schedule/parse.rs
154 crates/cortexfs/src/agent/schedule/permissions.rs
296 crates/cortexfs/src/agent/schedule/types.rs
191 crates/cortexfs/src/agent/secret.rs
1292 crates/cortexfs/src/agent/stop.rs
87 crates/cortexfs/src/agent/updateop.rs
446 crates/cortexfs/src/agent/view.rs
319 crates/cortexfs/src/agent/window.rs
349 crates/cortexfs/src/authority.rs
646 crates/cortexfs/src/authority/helpers.rs
53 crates/cortexfs/src/authority/model.rs
43 crates/cortexfs/src/authority/network.rs
35 crates/cortexfs/src/bin/ctx/agent.rs
178 crates/cortexfs/src/bin/ctx/agent/chat.rs
237 crates/cortexfs/src/bin/ctx/agent/child.rs
199 crates/cortexfs/src/bin/ctx/agent/context.rs
345 crates/cortexfs/src/bin/ctx/agent/core.rs
108 crates/cortexfs/src/bin/ctx/agent/create.rs
120 crates/cortexfs/src/bin/ctx/agent/eve.rs
1360 crates/cortexfs/src/bin/ctx/agent/gc.rs
178 crates/cortexfs/src/bin/ctx/agent/host.rs
84 crates/cortexfs/src/bin/ctx/agent/inspect.rs
113 crates/cortexfs/src/bin/ctx/agent/lifecycle.rs
409 crates/cortexfs/src/bin/ctx/agent/process.rs
796 crates/cortexfs/src/bin/ctx/agent/profile.rs
192 crates/cortexfs/src/bin/ctx/agent/runtime.rs
552 crates/cortexfs/src/bin/ctx/agent/sandbox.rs
689 crates/cortexfs/src/bin/ctx/agent/start.rs
157 crates/cortexfs/src/bin/ctx/agent/terminal.rs
126 crates/cortexfs/src/bin/ctx/agent/tools.rs
413 crates/cortexfs/src/bin/ctx/doctor.rs
2 crates/cortexfs/src/bin/ctx/file.rs
355 crates/cortexfs/src/bin/ctx/file/basic.rs
317 crates/cortexfs/src/bin/ctx/file/check.rs
357 crates/cortexfs/src/bin/ctx/format.rs
1001 crates/cortexfs/src/bin/ctx/install.rs
166 crates/cortexfs/src/bin/ctx/main.rs
9 crates/cortexfs/src/bin/ctx/objects.rs
5 crates/cortexfs/src/bin/ctx/objects/events.rs
289 crates/cortexfs/src/bin/ctx/objects/events/diagnostics.rs
446 crates/cortexfs/src/bin/ctx/objects/events/render.rs
243 crates/cortexfs/src/bin/ctx/objects/listing.rs
191 crates/cortexfs/src/bin/ctx/objects/paths.rs
86 crates/cortexfs/src/bin/ctx/objects/stream.rs
7 crates/cortexfs/src/bin/ctx/output.rs
687 crates/cortexfs/src/bin/ctx/output/help.rs
391 crates/cortexfs/src/bin/ctx/output/mount.rs
158 crates/cortexfs/src/bin/ctx/output/status.rs
11 crates/cortexfs/src/bin/ctx/package.rs
113 crates/cortexfs/src/bin/ctx/package/check.rs
105 crates/cortexfs/src/bin/ctx/package/control.rs
121 crates/cortexfs/src/bin/ctx/package/install.rs
151 crates/cortexfs/src/bin/ctx/package/manifest.rs
92 crates/cortexfs/src/bin/ctx/package/object.rs
102 crates/cortexfs/src/bin/ctx/package/write.rs
11 crates/cortexfs/src/bin/ctx/parse.rs
697 crates/cortexfs/src/bin/ctx/parse/agent.rs
633 crates/cortexfs/src/bin/ctx/parse/core.rs
130 crates/cortexfs/src/bin/ctx/parse/files.rs
221 crates/cortexfs/src/bin/ctx/parse/provider.rs
85 crates/cortexfs/src/bin/ctx/parse/terminal.rs
47 crates/cortexfs/src/bin/ctx/provider.rs
26 crates/cortexfs/src/bin/ctx/provider/auth.rs
132 crates/cortexfs/src/bin/ctx/provider/callback.rs
266 crates/cortexfs/src/bin/ctx/provider/config.rs
202 crates/cortexfs/src/bin/ctx/provider/oauth.rs
93 crates/cortexfs/src/bin/ctx/provider/presets.rs
84 crates/cortexfs/src/bin/ctx/provider/secrets.rs
322 crates/cortexfs/src/bin/ctx/residue.rs
798 crates/cortexfs/src/bin/ctx/schedule.rs
8 crates/cortexfs/src/bin/ctx/storage.rs
77 crates/cortexfs/src/bin/ctx/terminal.rs
49 crates/cortexfs/src/bin/ctx/terminal/find.rs
313 crates/cortexfs/src/bin/ctx/util.rs
105 crates/cortexfs/src/bin/ctxchat/clipboard.rs
105 crates/cortexfs/src/bin/ctxchat/complete.rs
336 crates/cortexfs/src/bin/ctxchat/main.rs
223 crates/cortexfs/src/bin/ctxchat/protocol.rs
280 crates/cortexfs/src/bin/ctxchat/reference.rs
48 crates/cortexfs/src/bin/ctxchat/render.rs
103 crates/cortexfs/src/bin/ctxterm/cli.rs
112 crates/cortexfs/src/bin/ctxterm/client.rs
42 crates/cortexfs/src/bin/ctxterm/fs.rs
142 crates/cortexfs/src/bin/ctxterm/main.rs
141 crates/cortexfs/src/bin/ctxterm/pty.rs
151 crates/cortexfs/src/bin/ctxterm/socket.rs
5 crates/cortexfs/src/bin/mount/main.rs
5 crates/cortexfs/src/bin/runner/main.rs
340 crates/cortexfs/src/bin/runtime/main.rs
342 crates/cortexfs/src/bin/tsh/context.rs
224 crates/cortexfs/src/bin/tsh/lookup.rs
744 crates/cortexfs/src/bin/tsh/main.rs
46 crates/cortexfs/src/bin/tsh/parse.rs
503 crates/cortexfs/src/bin/tsh/repl.rs
274 crates/cortexfs/src/bin/tsh/search.rs
243 crates/cortexfs/src/bin/tsh/terminal.rs
30 crates/cortexfs/src/cli.rs
9 crates/cortexfs/src/cli/alias.rs
23 crates/cortexfs/src/cli/create.rs
1 crates/cortexfs/src/cli/directory.rs
28 crates/cortexfs/src/cli/error.rs
23 crates/cortexfs/src/cli/input.rs
4 crates/cortexfs/src/cli/json.rs
36 crates/cortexfs/src/cli/nofollow.rs
6 crates/cortexfs/src/cli/procfd.rs
38 crates/cortexfs/src/cli/shell.rs
27 crates/cortexfs/src/cli/stale.rs
8 crates/cortexfs/src/cli/stderr.rs
69 crates/cortexfs/src/cli/terminal.rs
28 crates/cortexfs/src/cli/text.rs
36 crates/cortexfs/src/cli/uid.rs
4 crates/cortexfs/src/context.rs
78 crates/cortexfs/src/context/inspect.rs
263 crates/cortexfs/src/context/jsonl.rs
87 crates/cortexfs/src/context/pack.rs
140 crates/cortexfs/src/context/source.rs
122 crates/cortexfs/src/exports.rs
6 crates/cortexfs/src/fuse.rs
206 crates/cortexfs/src/fuse/alias.rs
119 crates/cortexfs/src/fuse/path.rs
9 crates/cortexfs/src/fuse/projection.rs
55 crates/cortexfs/src/fuse/projection/controls.rs
1382 crates/cortexfs/src/fuse/projection/core.rs
20 crates/cortexfs/src/fuse/projection/plain.rs
392 crates/cortexfs/src/fuse/projection/virtuals.rs
172 crates/cortexfs/src/fuse/provider.rs
374 crates/cortexfs/src/fuse/socket.rs
223 crates/cortexfs/src/fuse/types.rs
17 crates/cortexfs/src/imports.rs
667 crates/cortexfs/src/lib.rs
9 crates/cortexfs/src/mount.rs
297 crates/cortexfs/src/mount/driver.rs
266 crates/cortexfs/src/mount/driver/alias.rs
624 crates/cortexfs/src/mount/driver/filesystem.rs
696 crates/cortexfs/src/mount/driver/helpers.rs
104 crates/cortexfs/src/mount/driver/helpers/statfs.rs
19 crates/cortexfs/src/mount/driver/init.rs
15 crates/cortexfs/src/mount/driver/lifecycle.rs
144 crates/cortexfs/src/mount/driver/permissions.rs
92 crates/cortexfs/src/mount/driver/readdirplus.rs
14 crates/cortexfs/src/mount/driver/readonly.rs
248 crates/cortexfs/src/mount/table.rs
67 crates/cortexfs/src/object.rs
283 crates/cortexfs/src/object/bootstrap.rs
152 crates/cortexfs/src/object/executor.rs
24 crates/cortexfs/src/object/executor/access.rs
330 crates/cortexfs/src/object/executor/agent.rs
93 crates/cortexfs/src/object/executor/args.rs
113 crates/cortexfs/src/object/executor/call.rs
31 crates/cortexfs/src/object/executor/error.rs
876 crates/cortexfs/src/object/executor/exec.rs
45 crates/cortexfs/src/object/executor/frames.rs
252 crates/cortexfs/src/object/executor/inference.rs
279 crates/cortexfs/src/object/executor/model.rs
203 crates/cortexfs/src/object/executor/output.rs
106 crates/cortexfs/src/object/executor/path.rs
76 crates/cortexfs/src/object/executor/policy.rs
25 crates/cortexfs/src/object/executor/timeout.rs
122 crates/cortexfs/src/object/executor/tool.rs
108 crates/cortexfs/src/object/executor/wire.rs
1426 crates/cortexfs/src/object/install.rs
475 crates/cortexfs/src/object/layout.rs
24 crates/cortexfs/src/object/layout/disk.rs
44 crates/cortexfs/src/object/mcp.rs
241 crates/cortexfs/src/object/metadata.rs
503 crates/cortexfs/src/object/receipt.rs
550 crates/cortexfs/src/object/replace.rs
352 crates/cortexfs/src/object/residue.rs
149 crates/cortexfs/src/object/residue/audit.rs
482 crates/cortexfs/src/object/residue/cleanup.rs
199 crates/cortexfs/src/object/residue/plan.rs
36 crates/cortexfs/src/object/runner.rs
405 crates/cortexfs/src/object/runner/completion.rs
102 crates/cortexfs/src/object/runner/config.rs
14 crates/cortexfs/src/object/runner/context.rs
197 crates/cortexfs/src/object/runner/credentials.rs
213 crates/cortexfs/src/object/runner/curl.rs
396 crates/cortexfs/src/object/runner/requests.rs
257 crates/cortexfs/src/object/runner/responses.rs
384 crates/cortexfs/src/object/runner/routes.rs
20 crates/cortexfs/src/object/runner/streaming.rs
87 crates/cortexfs/src/object/runner/streaming/action.rs
72 crates/cortexfs/src/object/runner/streaming/close.rs
52 crates/cortexfs/src/object/runner/streaming/drain.rs
69 crates/cortexfs/src/object/runner/streaming/event.rs
79 crates/cortexfs/src/object/runner/streaming/pipe.rs
107 crates/cortexfs/src/object/runner/streaming/reply.rs
74 crates/cortexfs/src/object/runner/streaming/response.rs
92 crates/cortexfs/src/object/runner/streaming/text.rs
91 crates/cortexfs/src/object/runner/streaming/tool.rs
92 crates/cortexfs/src/object/runner/types.rs
262 crates/cortexfs/src/object/swap.rs
209 crates/cortexfs/src/object/uninstall.rs
277 crates/cortexfs/src/policy.rs
29 crates/cortexfs/src/policy/evaluator.rs
18 crates/cortexfs/src/policy/subject.rs
43 crates/cortexfs/src/provider.rs
97 crates/cortexfs/src/provider/alias.rs
109 crates/cortexfs/src/provider/auth.rs
144 crates/cortexfs/src/provider/auth/adapter.rs
114 crates/cortexfs/src/provider/auth/anthropic.rs
116 crates/cortexfs/src/provider/auth/common.rs
120 crates/cortexfs/src/provider/auth/copilot.rs
58 crates/cortexfs/src/provider/auth/credential.rs
26 crates/cortexfs/src/provider/auth/factory.rs
54 crates/cortexfs/src/provider/auth/model.rs
120 crates/cortexfs/src/provider/auth/openai.rs
92 crates/cortexfs/src/provider/auth/protocol.rs
113 crates/cortexfs/src/provider/auth/registry.rs
62 crates/cortexfs/src/provider/auth/transport.rs
336 crates/cortexfs/src/provider/catalog.rs
55 crates/cortexfs/src/provider/config.rs
338 crates/cortexfs/src/provider/discovery.rs
64 crates/cortexfs/src/provider/link.rs
473 crates/cortexfs/src/provider/model.rs
182 crates/cortexfs/src/provider/model/routes.rs
14 crates/cortexfs/src/provider/name.rs
154 crates/cortexfs/src/provider/name/files.rs
107 crates/cortexfs/src/provider/name/names.rs
156 crates/cortexfs/src/provider/name/secrets.rs
89 crates/cortexfs/src/provider/name/selection.rs
677 crates/cortexfs/src/provider/oauth.rs
131 crates/cortexfs/src/provider/project.rs
143 crates/cortexfs/src/provider/snapshot.rs
15 crates/cortexfs/src/reference.rs
9 crates/cortexfs/src/reference/bootstrap.rs
632 crates/cortexfs/src/reference/bootstrap/core.rs
173 crates/cortexfs/src/reference/bootstrap/tools.rs
334 crates/cortexfs/src/reference/bootstrap/upgrade.rs
50 crates/cortexfs/src/reference/build.rs
7 crates/cortexfs/src/reference/helpers.rs
250 crates/cortexfs/src/reference/helpers/filesystem.rs
244 crates/cortexfs/src/reference/helpers/sessions.rs
103 crates/cortexfs/src/reference/inspect.rs
55 crates/cortexfs/src/reference/lock.rs
74 crates/cortexfs/src/reference/provenance.rs
51 crates/cortexfs/src/reference/reconcile.rs
118 crates/cortexfs/src/reference/stage.rs
417 crates/cortexfs/src/reference/storage.rs
101 crates/cortexfs/src/reference/tree.rs
6 crates/cortexfs/src/runtime.rs
1477 crates/cortexfs/src/runtime/control.rs
182 crates/cortexfs/src/runtime/egress.rs
52 crates/cortexfs/src/runtime/egress/http.rs
40 crates/cortexfs/src/runtime/egress/http/auth.rs
77 crates/cortexfs/src/runtime/egress/http/curl.rs
112 crates/cortexfs/src/runtime/egress/http/header.rs
40 crates/cortexfs/src/runtime/egress/http/policy.rs
76 crates/cortexfs/src/runtime/egress/http/process.rs
54 crates/cortexfs/src/runtime/egress/http/request.rs
78 crates/cortexfs/src/runtime/egress/http/transfer.rs
103 crates/cortexfs/src/runtime/egress/plan.rs
48 crates/cortexfs/src/runtime/egress/secret.rs
39 crates/cortexfs/src/runtime/egress/target.rs
13 crates/cortexfs/src/runtime/record.rs
1509 crates/cortexfs/src/runtime/record/child.rs
169 crates/cortexfs/src/runtime/record/context.rs
7 crates/cortexfs/src/runtime/record/schedule.rs
37 crates/cortexfs/src/runtime/record/schedule/advance.rs
91 crates/cortexfs/src/runtime/record/schedule/complete.rs
72 crates/cortexfs/src/runtime/record/schedule/record.rs
1140 crates/cortexfs/src/runtime/record/session.rs
322 crates/cortexfs/src/runtime/record/socket.rs
377 crates/cortexfs/src/runtime/socket.rs
304 crates/cortexfs/src/runtime/socket/bwrap.rs
316 crates/cortexfs/src/runtime/socket/events.rs
2035 crates/cortexfs/src/runtime/socket/exec.rs
91 crates/cortexfs/src/runtime/socket/exec/approval.rs
53 crates/cortexfs/src/runtime/socket/exec/delivery.rs
157 crates/cortexfs/src/runtime/socket/session.rs
120 crates/cortexfs/src/runtime/socket/stream.rs
138 crates/cortexfs/src/runtime/socket/stream/timing.rs
107 crates/cortexfs/src/runtime/terminal.rs
118 crates/cortexfs/src/runtime/terminal/event.rs
348 crates/cortexfs/src/runtime/types.rs
22 crates/cortexfs/src/support.rs
52 crates/cortexfs/src/support/bwrap.rs
2935 crates/cortexfs/src/support/columnar.rs
28 crates/cortexfs/src/support/command.rs
198 crates/cortexfs/src/support/control.rs
424 crates/cortexfs/src/support/index.rs
126 crates/cortexfs/src/support/jsonl.rs
258 crates/cortexfs/src/support/layout.rs
91 crates/cortexfs/src/support/manuals.rs
167 crates/cortexfs/src/support/message.rs
17 crates/cortexfs/src/support/path.rs
491 crates/cortexfs/src/support/plain.rs
309 crates/cortexfs/src/support/process.rs
25 crates/cortexfs/src/support/queue.rs
555 crates/cortexfs/src/support/receipt.rs
48 crates/cortexfs/src/support/receipt/entry.rs
21 crates/cortexfs/src/support/receipt/hook.rs
116 crates/cortexfs/src/support/receipt/park.rs
56 crates/cortexfs/src/support/schema.rs
269 crates/cortexfs/src/support/session.rs
323 crates/cortexfs/src/support/stream.rs
13 crates/cortexfs/src/support/terminal.rs
251 crates/cortexfs/src/support/toolpath.rs
9 crates/cortexfs/src/support/trajectory.rs
578 crates/cortexfs/src/support/trajectory/map.rs
140 crates/cortexfs/src/support/trajectory/types.rs
251 crates/cortexfs/src/support/trajectory/validate.rs
2 crates/cortexfs/src/tool.rs
2 crates/cortexfs/src/tool/core.rs
154 crates/cortexfs/src/tool/core/runtime.rs
142 crates/cortexfs/src/tool/core/tools.rs
262 crates/cortexfs/src/tool/core/tools/config.rs
264 crates/cortexfs/src/tool/core/tools/files.rs
116 crates/cortexfs/src/tool/core/tools/inspect.rs
45 crates/cortexfs/src/tool/core/tools/inspect/cli.rs
128 crates/cortexfs/src/tool/core/tools/schemas.rs
106 crates/cortexfs/src/tool/core/tools/shell.rs
264 crates/cortexfs/src/tool/state.rs
