# cortexfs source-budget baseline
all=177554
prod=123183
[files]
25 crates/cortexfs-agent-sdk/examples/echo_agent.rs
44 crates/cortexfs-agent-sdk/src/builtin.rs
994 crates/cortexfs-agent-sdk/src/lib.rs
98 crates/cortexfs-channel-amqp/src/config.rs
26 crates/cortexfs-channel-amqp/src/error.rs
81 crates/cortexfs-channel-amqp/src/invoke.rs
22 crates/cortexfs-channel-amqp/src/main.rs
96 crates/cortexfs-channel-amqp/src/message.rs
105 crates/cortexfs-channel-amqp/src/relay/frames.rs
137 crates/cortexfs-channel-amqp/src/relay.rs
45 crates/cortexfs-channel-mqtt/src/config/parse.rs
101 crates/cortexfs-channel-mqtt/src/config.rs
33 crates/cortexfs-channel-mqtt/src/error.rs
49 crates/cortexfs-channel-mqtt/src/invoke.rs
25 crates/cortexfs-channel-mqtt/src/main.rs
97 crates/cortexfs-channel-mqtt/src/message.rs
71 crates/cortexfs-channel-mqtt/src/relay/frames.rs
85 crates/cortexfs-channel-mqtt/src/relay.rs
93 crates/cortexfs-channel-nostr/src/config.rs
28 crates/cortexfs-channel-nostr/src/error.rs
21 crates/cortexfs-channel-nostr/src/main.rs
150 crates/cortexfs-channel-nostr/src/message.rs
59 crates/cortexfs-channel-nostr/src/message/send.rs
61 crates/cortexfs-channel-nostr/src/relay/frames.rs
134 crates/cortexfs-channel-nostr/src/relay.rs
59 crates/cortexfs-channel-sdk/src/builtin.rs
25 crates/cortexfs-channel-sdk/src/error.rs
24 crates/cortexfs-channel-sdk/src/lib.rs
104 crates/cortexfs-channel-sdk/src/runtime/dispatch.rs
57 crates/cortexfs-channel-sdk/src/runtime.rs
27 crates/cortexfs-channel-sdk/src/sender.rs
55 crates/cortexfs-channel-sdk/src/service.rs
115 crates/cortexfs-channel-slack/src/api/command.rs
57 crates/cortexfs-channel-slack/src/api/effect.rs
43 crates/cortexfs-channel-slack/src/api/invoke.rs
104 crates/cortexfs-channel-slack/src/api.rs
70 crates/cortexfs-channel-slack/src/config.rs
26 crates/cortexfs-channel-slack/src/error.rs
21 crates/cortexfs-channel-slack/src/main.rs
124 crates/cortexfs-channel-slack/src/relay/frames.rs
72 crates/cortexfs-channel-slack/src/relay/input.rs
33 crates/cortexfs-channel-slack/src/relay/invoke.rs
64 crates/cortexfs-channel-slack/src/relay.rs
95 crates/cortexfs-channel-slack/src/socket/command.rs
117 crates/cortexfs-channel-slack/src/socket.rs
67 crates/cortexfs-channels/src/action.rs
115 crates/cortexfs-channels/src/adapter.rs
92 crates/cortexfs-channels/src/address.rs
104 crates/cortexfs-channels/src/capability.rs
57 crates/cortexfs-channels/src/command.rs
65 crates/cortexfs-channels/src/control.rs
137 crates/cortexfs-channels/src/driver/connect.rs
451 crates/cortexfs-channels/src/driver.rs
62 crates/cortexfs-channels/src/driver/session/connect.rs
45 crates/cortexfs-channels/src/driver/session/read.rs
144 crates/cortexfs-channels/src/driver/session.rs
103 crates/cortexfs-channels/src/effect.rs
47 crates/cortexfs-channels/src/error.rs
149 crates/cortexfs-channels/src/event.rs
128 crates/cortexfs-channels/src/frame.rs
152 crates/cortexfs-channels/src/framewire.rs
49 crates/cortexfs-channels/src/incoming.rs
55 crates/cortexfs-channels/src/lib.rs
100 crates/cortexfs-channels/src/message.rs
77 crates/cortexfs-channels/src/platform/bluesky/parse.rs
101 crates/cortexfs-channels/src/platform/bluesky.rs
399 crates/cortexfs-channels/src/platform/catalog.rs
122 crates/cortexfs-channels/src/platform/dingtalk.rs
98 crates/cortexfs-channels/src/platform/discord/effect.rs
44 crates/cortexfs-channels/src/platform/discord/encode.rs
99 crates/cortexfs-channels/src/platform/discord/event.rs
102 crates/cortexfs-channels/src/platform/discord.rs
101 crates/cortexfs-channels/src/platform/email/parse.rs
74 crates/cortexfs-channels/src/platform/email.rs
27 crates/cortexfs-channels/src/platform/email/wire.rs
77 crates/cortexfs-channels/src/platform/feishu.rs
73 crates/cortexfs-channels/src/platform/gmail/push.rs
112 crates/cortexfs-channels/src/platform/gmail.rs
117 crates/cortexfs-channels/src/platform/irc/core.rs
22 crates/cortexfs-channels/src/platform/irc.rs
25 crates/cortexfs-channels/src/platform/lark.rs
50 crates/cortexfs-channels/src/platform/line/encode.rs
95 crates/cortexfs-channels/src/platform/line.rs
111 crates/cortexfs-channels/src/platform/linq/parse.rs
67 crates/cortexfs-channels/src/platform/linq.rs
76 crates/cortexfs-channels/src/platform/matrix/effect.rs
86 crates/cortexfs-channels/src/platform/matrix/event.rs
112 crates/cortexfs-channels/src/platform/matrix.rs
89 crates/cortexfs-channels/src/platform/mattermost/effect.rs
65 crates/cortexfs-channels/src/platform/mattermost/event/parse.rs
99 crates/cortexfs-channels/src/platform/mattermost/event.rs
140 crates/cortexfs-channels/src/platform/mattermost.rs
91 crates/cortexfs-channels/src/platform/mochat/parse.rs
49 crates/cortexfs-channels/src/platform/mochat.rs
108 crates/cortexfs-channels/src/platform/nextcloud/parse.rs
45 crates/cortexfs-channels/src/platform/nextcloud.rs
72 crates/cortexfs-channels/src/platform/notion/parse.rs
120 crates/cortexfs-channels/src/platform/notion.rs
113 crates/cortexfs-channels/src/platform/qq.rs
37 crates/cortexfs-channels/src/platform/reddit/form.rs
119 crates/cortexfs-channels/src/platform/reddit/parse.rs
37 crates/cortexfs-channels/src/platform/reddit.rs
172 crates/cortexfs-channels/src/platform.rs
87 crates/cortexfs-channels/src/platform/signal.rs
68 crates/cortexfs-channels/src/platform/slack/effect.rs
63 crates/cortexfs-channels/src/platform/slack/encode.rs
123 crates/cortexfs-channels/src/platform/slack/event.rs
104 crates/cortexfs-channels/src/platform/slack.rs
121 crates/cortexfs-channels/src/platform/teams.rs
70 crates/cortexfs-channels/src/platform/telegram/effect.rs
113 crates/cortexfs-channels/src/platform/telegram/event.rs
119 crates/cortexfs-channels/src/platform/telegram.rs
62 crates/cortexfs-channels/src/platform/tool.rs
36 crates/cortexfs-channels/src/platform/twitch.rs
98 crates/cortexfs-channels/src/platform/twitter/parse.rs
78 crates/cortexfs-channels/src/platform/twitter.rs
46 crates/cortexfs-channels/src/platform/wecom.rs
140 crates/cortexfs-channels/src/platform/whatsapp.rs
30 crates/cortexfs-channels/src/progress.rs
175 crates/cortexfs-channels/src/registry.rs
124 crates/cortexfs-channels/src/route.rs
64 crates/cortexfs-channels/src/wire.rs
93 crates/cortexfs-channel-tools/src/action.rs
99 crates/cortexfs-channel-tools/src/input.rs
25 crates/cortexfs-channel-tools/src/main.rs
31 crates/cortexfs-channel-tools/src/tool.rs
80 crates/cortexfs-channel-tools/src/wire.rs
43 crates/cortexfs-channel-voice/src/config/parse.rs
150 crates/cortexfs-channel-voice/src/config.rs
30 crates/cortexfs-channel-voice/src/error.rs
69 crates/cortexfs-channel-voice/src/http/request.rs
71 crates/cortexfs-channel-voice/src/http.rs
104 crates/cortexfs-channel-voice/src/invoke.rs
24 crates/cortexfs-channel-voice/src/main.rs
120 crates/cortexfs-channel-voice/src/provider/call.rs
107 crates/cortexfs-channel-voice/src/provider/control.rs
28 crates/cortexfs-channel-voice/src/provider/incoming/fields.rs
106 crates/cortexfs-channel-voice/src/provider/incoming.rs
80 crates/cortexfs-channel-voice/src/provider.rs
68 crates/cortexfs-channel-voice/src/provider/speech.rs
71 crates/cortexfs-channel-voice/src/relay/frames.rs
101 crates/cortexfs-channel-voice/src/relay.rs
20 crates/cortexfs-channel-voice/src/relay/webhook.rs
50 crates/cortexfs-channel-voice/src/wake.rs
55 crates/cortexfs-channel-wechat/src/api/request.rs
90 crates/cortexfs-channel-wechat/src/api.rs
96 crates/cortexfs-channel-wechat/src/config.rs
28 crates/cortexfs-channel-wechat/src/error.rs
43 crates/cortexfs-channel-wechat/src/invoke.rs
23 crates/cortexfs-channel-wechat/src/main.rs
97 crates/cortexfs-channel-wechat/src/message.rs
117 crates/cortexfs-channel-wechat/src/relay/frames.rs
117 crates/cortexfs-channel-wechat/src/relay.rs
77 crates/cortexfs-channel-wecom-ws/src/config.rs
26 crates/cortexfs-channel-wecom-ws/src/error.rs
37 crates/cortexfs-channel-wecom-ws/src/invoke.rs
23 crates/cortexfs-channel-wecom-ws/src/main.rs
96 crates/cortexfs-channel-wecom-ws/src/message.rs
87 crates/cortexfs-channel-wecom-ws/src/output.rs
101 crates/cortexfs-channel-wecom-ws/src/relay/frames.rs
55 crates/cortexfs-channel-wecom-ws/src/relay/input.rs
102 crates/cortexfs-channel-wecom-ws/src/relay.rs
40 crates/cortexfs-channel-wecom-ws/src/relay/subscribe.rs
7 crates/cortexfs-channel-wecom-ws/src/relay/token.rs
55 crates/cortexfs-context/src/budget.rs
108 crates/cortexfs-context/src/compact.rs
68 crates/cortexfs-context/src/history/render.rs
85 crates/cortexfs-context/src/history.rs
16 crates/cortexfs-context/src/lib.rs
68 crates/cortexfs-context/src/message.rs
866 crates/cortexfs-mcp/src/client.rs
59 crates/cortexfs-mcp/src/config.rs
189 crates/cortexfs-mcp/src/main.rs
561 crates/cortexfs-mcp/src/project.rs
217 crates/cortexfs-mcp/src/tool.rs
688 crates/cortexfs-metadatas/src/catalog.rs
91 crates/cortexfs-metadatas/src/context.rs
82 crates/cortexfs-metadatas/src/error.rs
32 crates/cortexfs-metadatas/src/lib.rs
189 crates/cortexfs-metadatas/src/metadata.rs
42 crates/cortexfs-metadatas/src/model.rs
61 crates/cortexfs-metadatas/src/remote.rs
54 crates/cortexfs-metadatas/src/source.rs
89 crates/cortexfs-metadatas/src/validate.rs
120 crates/cortexfs-metadatas/src/validation.rs
50 crates/cortexfs-module/src/frame.rs
29 crates/cortexfs-module/src/lib.rs
90 crates/cortexfs-module/src/lifecycle.rs
81 crates/cortexfs-module/src/metadata.rs
115 crates/cortexfs-module/src/registry.rs
101 crates/cortexfs-module/src/wire.rs
60 crates/cortexfs-paths/src/channel.rs
67 crates/cortexfs-paths/src/host.rs
120 crates/cortexfs-paths/src/lib.rs
114 crates/cortexfs-paths/src/object.rs
63 crates/cortexfs-paths/src/root.rs
78 crates/cortexfs-paths/src/runtime.rs
117 crates/cortexfs-paths/src/session.rs
33 crates/cortexfs-paths/src/shared.rs
31 crates/cortexfs-protocol/examples/bench.rs
116 crates/cortexfs-protocol/src/anthropic.rs
88 crates/cortexfs-protocol/src/borrowed.rs
97 crates/cortexfs-protocol/src/bridge.rs
62 crates/cortexfs-protocol/src/content.rs
80 crates/cortexfs-protocol/src/context.rs
35 crates/cortexfs-protocol/src/decodeanthropicpart.rs
100 crates/cortexfs-protocol/src/decodeanthropic.rs
41 crates/cortexfs-protocol/src/decodechoice.rs
85 crates/cortexfs-protocol/src/decodegooglepart.rs
68 crates/cortexfs-protocol/src/decodegoogle.rs
118 crates/cortexfs-protocol/src/decodeopenai.rs
54 crates/cortexfs-protocol/src/decoderesponsepart.rs
92 crates/cortexfs-protocol/src/decoderesponses.rs
63 crates/cortexfs-protocol/src/directpart.rs
113 crates/cortexfs-protocol/src/direct.rs
36 crates/cortexfs-protocol/src/directtool.rs
93 crates/cortexfs-protocol/src/encodeanthropic.rs
83 crates/cortexfs-protocol/src/encodegoogle.rs
69 crates/cortexfs-protocol/src/encodeopenai.rs
110 crates/cortexfs-protocol/src/encoderesponses.rs
67 crates/cortexfs-protocol/src/encode.rs
52 crates/cortexfs-protocol/src/error.rs
42 crates/cortexfs-protocol/src/event.rs
110 crates/cortexfs-protocol/src/gemini.rs
95 crates/cortexfs-protocol/src/lib.rs
65 crates/cortexfs-protocol/src/message.rs
113 crates/cortexfs-protocol/src/openaichat.rs
90 crates/cortexfs-protocol/src/openairesponses.rs
82 crates/cortexfs-protocol/src/request.rs
102 crates/cortexfs-protocol/src/responseanthropic.rs
13 crates/cortexfs-protocol/src/responsedecode.rs
13 crates/cortexfs-protocol/src/responseencode.rs
30 crates/cortexfs-protocol/src/responsegooglepart.rs
109 crates/cortexfs-protocol/src/responsegoogle.rs
61 crates/cortexfs-protocol/src/responseopenaipart.rs
73 crates/cortexfs-protocol/src/responseopenai.rs
99 crates/cortexfs-protocol/src/responseresponses.rs
43 crates/cortexfs-protocol/src/response.rs
120 crates/cortexfs-protocol/src/responseutil.rs
78 crates/cortexfs-protocol/src/reversepart.rs
61 crates/cortexfs-protocol/src/semantic.rs
45 crates/cortexfs-protocol/src/tool.rs
16 crates/cortexfs-protocol/src/usage.rs
93 crates/cortexfs-protocol/src/wire.rs
242 crates/cortexfs-runtime-client/src/agent.rs
157 crates/cortexfs-runtime-client/src/agent/wire.rs
62 crates/cortexfs-runtime-client/src/interaction/event.rs
51 crates/cortexfs-runtime-client/src/interaction/frame.rs
130 crates/cortexfs-runtime-client/src/interaction/normalize.rs
149 crates/cortexfs-runtime-client/src/interaction/request.rs
14 crates/cortexfs-runtime-client/src/interaction.rs
67 crates/cortexfs-runtime-client/src/interaction/validate.rs
51 crates/cortexfs-runtime-client/src/interaction/wire.rs
781 crates/cortexfs-runtime-client/src/lib.rs
86 crates/cortexfs-runtime-client/src/session/duplex.rs
167 crates/cortexfs-runtime-client/src/session.rs
78 crates/cortexfs-runtime-client/src/status.rs
348 crates/cortexfs/src/abi/authority.rs
282 crates/cortexfs/src/abi/constants.rs
418 crates/cortexfs/src/abi/parse.rs
474 crates/cortexfs/src/abi/path.rs
546 crates/cortexfs/src/abi/request.rs
5 crates/cortexfs/src/abi.rs
296 crates/cortexfs/src/agent/child.rs
36 crates/cortexfs/src/agent/compactstrategy.rs
245 crates/cortexfs/src/agent/control.rs
2145 crates/cortexfs/src/agent/createop.rs
500 crates/cortexfs/src/agent/create.rs
76 crates/cortexfs/src/agent/launch/meta.rs
2085 crates/cortexfs/src/agent/launch.rs
48 crates/cortexfs/src/agent/loopconfig.rs
40 crates/cortexfs/src/agent/loopresolve.rs
106 crates/cortexfs/src/agent/prompt/compact.rs
55 crates/cortexfs/src/agent/prompt/history.rs
23 crates/cortexfs/src/agent/prompt/model.rs
55 crates/cortexfs/src/agent/prompt/read.rs
116 crates/cortexfs/src/agent/prompt/render.rs
26 crates/cortexfs/src/agent/prompt.rs
50 crates/cortexfs/src/agent/prompt/rules.rs
235 crates/cortexfs/src/agent/prompt/skills.rs
77 crates/cortexfs/src/agent/prompt/snapshot.rs
45 crates/cortexfs/src/agent/remove.rs
24 crates/cortexfs/src/agent.rs
301 crates/cortexfs/src/agent/runtime.rs
105 crates/cortexfs/src/agent/schedule/api.rs
201 crates/cortexfs/src/agent/schedule/dependencies.rs
221 crates/cortexfs/src/agent/schedule/parse.rs
154 crates/cortexfs/src/agent/schedule/permissions.rs
10 crates/cortexfs/src/agent/schedule.rs
296 crates/cortexfs/src/agent/schedule/types.rs
191 crates/cortexfs/src/agent/secret.rs
1165 crates/cortexfs/src/agent/stop.rs
87 crates/cortexfs/src/agent/updateop.rs
562 crates/cortexfs/src/agent/view.rs
287 crates/cortexfs/src/agent/window.rs
640 crates/cortexfs/src/authority/helpers.rs
53 crates/cortexfs/src/authority/model.rs
43 crates/cortexfs/src/authority/network.rs
352 crates/cortexfs/src/authority.rs
125 crates/cortexfs/src/bin/auth/browser.rs
61 crates/cortexfs/src/bin/auth/device.rs
95 crates/cortexfs/src/bin/auth/main.rs
115 crates/cortexfs/src/bin/channel/catalog.rs
59 crates/cortexfs/src/bin/channel/catalog/setup.rs
17 crates/cortexfs/src/bin/channel/commands/bluesky.rs
17 crates/cortexfs/src/bin/channel/commands/common.rs
16 crates/cortexfs/src/bin/channel/commands/dingtalk.rs
22 crates/cortexfs/src/bin/channel/commands/discord.rs
20 crates/cortexfs/src/bin/channel/commands/driver.rs
10 crates/cortexfs/src/bin/channel/commands/email.rs
25 crates/cortexfs/src/bin/channel/commands/gmail.rs
19 crates/cortexfs/src/bin/channel/commands/irc.rs
17 crates/cortexfs/src/bin/channel/commands/matrix.rs
18 crates/cortexfs/src/bin/channel/commands/mattermost.rs
10 crates/cortexfs/src/bin/channel/commands/mochat.rs
10 crates/cortexfs/src/bin/channel/commands/notion.rs
10 crates/cortexfs/src/bin/channel/commands/qq.rs
10 crates/cortexfs/src/bin/channel/commands/reddit.rs
127 crates/cortexfs/src/bin/channel/commands.rs
15 crates/cortexfs/src/bin/channel/commands/signal.rs
19 crates/cortexfs/src/bin/channel/commands/telegram.rs
10 crates/cortexfs/src/bin/channel/commands/twitch.rs
10 crates/cortexfs/src/bin/channel/commands/twitter.rs
10 crates/cortexfs/src/bin/channel/commands/webhook.rs
21 crates/cortexfs/src/bin/channel/commands/web.rs
105 crates/cortexfs/src/bin/channel/config/disk.rs
63 crates/cortexfs/src/bin/channel/config/disk/value.rs
587 crates/cortexfs/src/bin/channel/config.rs
141 crates/cortexfs/src/bin/channel/gmail/api.rs
25 crates/cortexfs/src/bin/channel/gmail/config.rs
119 crates/cortexfs/src/bin/channel/gmail/control/ops.rs
72 crates/cortexfs/src/bin/channel/gmail/control.rs
125 crates/cortexfs/src/bin/channel/gmail.rs
43 crates/cortexfs/src/bin/channel/main.rs
31 crates/cortexfs/src/bin/channel/webhook/challenge.rs
104 crates/cortexfs/src/bin/channel/webhook/control/native.rs
59 crates/cortexfs/src/bin/channel/webhook/control/ops.rs
75 crates/cortexfs/src/bin/channel/webhook/control.rs
55 crates/cortexfs/src/bin/channel/webhook/outbound.rs
66 crates/cortexfs/src/bin/channel/webhook/progress.rs
139 crates/cortexfs/src/bin/channel/webhook.rs
67 crates/cortexfs/src/bin/channel/webhook/server.rs
186 crates/cortexfs/src/bin/channel/webhook/signature.rs
105 crates/cortexfs/src/bin/channel/web.rs
52 crates/cortexfs/src/bin/channel/web/server.rs
58 crates/cortexfs/src/bin/channel/web/socket/frame.rs
118 crates/cortexfs/src/bin/channel/web/socket/pump/command.rs
58 crates/cortexfs/src/bin/channel/web/socket/pump/event.rs
96 crates/cortexfs/src/bin/channel/web/socket/pump.rs
78 crates/cortexfs/src/bin/channel/web/socket/pump/worker.rs
65 crates/cortexfs/src/bin/channel/web/socket.rs
25 crates/cortexfs/src/bin/cortexfs-terminal-broker.rs
178 crates/cortexfs/src/bin/ctx/agent/chat.rs
237 crates/cortexfs/src/bin/ctx/agent/child.rs
204 crates/cortexfs/src/bin/ctx/agent/context.rs
340 crates/cortexfs/src/bin/ctx/agent/core.rs
108 crates/cortexfs/src/bin/ctx/agent/create.rs
120 crates/cortexfs/src/bin/ctx/agent/eve.rs
1450 crates/cortexfs/src/bin/ctx/agent/gc.rs
193 crates/cortexfs/src/bin/ctx/agent/host.rs
106 crates/cortexfs/src/bin/ctx/agent/inspect.rs
102 crates/cortexfs/src/bin/ctx/agent/lifecycle.rs
410 crates/cortexfs/src/bin/ctx/agent/process.rs
796 crates/cortexfs/src/bin/ctx/agent/profile.rs
37 crates/cortexfs/src/bin/ctx/agent.rs
101 crates/cortexfs/src/bin/ctx/agent/runtime.rs
254 crates/cortexfs/src/bin/ctx/agent/sandbox.rs
704 crates/cortexfs/src/bin/ctx/agent/start.rs
139 crates/cortexfs/src/bin/ctx/agent/terminal.rs
128 crates/cortexfs/src/bin/ctx/agent/tools.rs
120 crates/cortexfs/src/bin/ctx/agent/workspace.rs
69 crates/cortexfs/src/bin/ctx/attach/records.rs
80 crates/cortexfs/src/bin/ctx/attach.rs
85 crates/cortexfs/src/bin/ctx/attach/scan.rs
105 crates/cortexfs/src/bin/ctxchat/clipboard.rs
105 crates/cortexfs/src/bin/ctxchat/complete.rs
376 crates/cortexfs/src/bin/ctxchat/main.rs
302 crates/cortexfs/src/bin/ctxchat/protocol.rs
294 crates/cortexfs/src/bin/ctxchat/reference.rs
48 crates/cortexfs/src/bin/ctxchat/render.rs
109 crates/cortexfs/src/bin/ctx/default.rs
481 crates/cortexfs/src/bin/ctx/doctor.rs
345 crates/cortexfs/src/bin/ctx/file/basic.rs
294 crates/cortexfs/src/bin/ctx/file/check.rs
2 crates/cortexfs/src/bin/ctx/file.rs
357 crates/cortexfs/src/bin/ctx/format.rs
1001 crates/cortexfs/src/bin/ctx/install.rs
172 crates/cortexfs/src/bin/ctx/main.rs
289 crates/cortexfs/src/bin/ctx/objects/events/diagnostics.rs
446 crates/cortexfs/src/bin/ctx/objects/events/render.rs
5 crates/cortexfs/src/bin/ctx/objects/events.rs
247 crates/cortexfs/src/bin/ctx/objects/listing.rs
199 crates/cortexfs/src/bin/ctx/objects/paths.rs
9 crates/cortexfs/src/bin/ctx/objects.rs
86 crates/cortexfs/src/bin/ctx/objects/stream.rs
668 crates/cortexfs/src/bin/ctx/output/help.rs
391 crates/cortexfs/src/bin/ctx/output/mount.rs
7 crates/cortexfs/src/bin/ctx/output.rs
181 crates/cortexfs/src/bin/ctx/output/status.rs
104 crates/cortexfs/src/bin/ctx/package/check.rs
108 crates/cortexfs/src/bin/ctx/package/control.rs
109 crates/cortexfs/src/bin/ctx/package/install.rs
119 crates/cortexfs/src/bin/ctx/package/manifest.rs
85 crates/cortexfs/src/bin/ctx/package/object.rs
12 crates/cortexfs/src/bin/ctx/package.rs
29 crates/cortexfs/src/bin/ctx/package/source.rs
95 crates/cortexfs/src/bin/ctx/package/write.rs
727 crates/cortexfs/src/bin/ctx/parse/agent.rs
664 crates/cortexfs/src/bin/ctx/parse/core.rs
130 crates/cortexfs/src/bin/ctx/parse/files.rs
419 crates/cortexfs/src/bin/ctx/parse/provider.rs
14 crates/cortexfs/src/bin/ctx/parse.rs
85 crates/cortexfs/src/bin/ctx/parse/terminal.rs
52 crates/cortexfs/src/bin/ctx/provider/auth.rs
27 crates/cortexfs/src/bin/ctx/provider/auth/socket/browser.rs
27 crates/cortexfs/src/bin/ctx/provider/auth/socket/device.rs
114 crates/cortexfs/src/bin/ctx/provider/auth/socket.rs
87 crates/cortexfs/src/bin/ctx/provider/callback.rs
78 crates/cortexfs/src/bin/ctx/provider/catalog.rs
33 crates/cortexfs/src/bin/ctx/provider/catalog/statics.rs
256 crates/cortexfs/src/bin/ctx/provider/config.rs
217 crates/cortexfs/src/bin/ctx/provider/oauth.rs
79 crates/cortexfs/src/bin/ctx/provider/presets.rs
77 crates/cortexfs/src/bin/ctx/provider.rs
84 crates/cortexfs/src/bin/ctx/provider/secrets.rs
322 crates/cortexfs/src/bin/ctx/residue.rs
782 crates/cortexfs/src/bin/ctx/schedule.rs
15 crates/cortexfs/src/bin/ctx/storage.rs
72 crates/cortexfs/src/bin/ctxterm/client.rs
55 crates/cortexfs/src/bin/ctxterm/cli.rs
49 crates/cortexfs/src/bin/ctx/terminal/find.rs
68 crates/cortexfs/src/bin/ctx/terminal.rs
109 crates/cortexfs/src/bin/ctxterm/main.rs
120 crates/cortexfs/src/bin/ctxterm/pty.rs
72 crates/cortexfs/src/bin/ctxterm/socket.rs
320 crates/cortexfs/src/bin/ctx/util.rs
5 crates/cortexfs/src/bin/mount/main.rs
5 crates/cortexfs/src/bin/runner/main.rs
341 crates/cortexfs/src/bin/runtime/main.rs
342 crates/cortexfs/src/bin/tsh/context.rs
232 crates/cortexfs/src/bin/tsh/lookup.rs
746 crates/cortexfs/src/bin/tsh/main.rs
46 crates/cortexfs/src/bin/tsh/parse.rs
503 crates/cortexfs/src/bin/tsh/repl.rs
274 crates/cortexfs/src/bin/tsh/search.rs
243 crates/cortexfs/src/bin/tsh/terminal.rs
38 crates/cortexfs/src/channel/adapterresolve.rs
37 crates/cortexfs/src/channel/adapterstrategy.rs
69 crates/cortexfs/src/channel/bluesky/api.rs
75 crates/cortexfs/src/channel/bluesky/api/session.rs
30 crates/cortexfs/src/channel/bluesky/clock.rs
81 crates/cortexfs/src/channel/bluesky/config.rs
79 crates/cortexfs/src/channel/bluesky/control/ops/request.rs
111 crates/cortexfs/src/channel/bluesky/control/ops.rs
77 crates/cortexfs/src/channel/bluesky/control.rs
69 crates/cortexfs/src/channel/bluesky.rs
63 crates/cortexfs/src/channel/bridge/dispatch.rs
61 crates/cortexfs/src/channel/bridge/event.rs
67 crates/cortexfs/src/channel/bridge/handle.rs
155 crates/cortexfs/src/channel/bridge.rs
18 crates/cortexfs/src/channel/bridge/safe.rs
30 crates/cortexfs/src/channel/bridge/session.rs
119 crates/cortexfs/src/channel/bridge/slash.rs
15 crates/cortexfs/src/channel/bridge/socket.rs
105 crates/cortexfs/src/channel/control/codec.rs
44 crates/cortexfs/src/channel/control/config.rs
93 crates/cortexfs/src/channel/control.rs
49 crates/cortexfs/src/channel/control/serve.rs
39 crates/cortexfs/src/channel/dingtalk/api.rs
62 crates/cortexfs/src/channel/dingtalk/config.rs
104 crates/cortexfs/src/channel/dingtalk/control/ops.rs
74 crates/cortexfs/src/channel/dingtalk/control.rs
43 crates/cortexfs/src/channel/dingtalk/control/sign.rs
75 crates/cortexfs/src/channel/dingtalk/handle.rs
18 crates/cortexfs/src/channel/dingtalk/parse.rs
41 crates/cortexfs/src/channel/dingtalk.rs
18 crates/cortexfs/src/channel/dingtalk/transport.rs
87 crates/cortexfs/src/channel/discord/api.rs
120 crates/cortexfs/src/channel/discord/command.rs
36 crates/cortexfs/src/channel/discord/component.rs
113 crates/cortexfs/src/channel/discord/control/handler.rs
57 crates/cortexfs/src/channel/discord/control.rs
108 crates/cortexfs/src/channel/discord/effect.rs
82 crates/cortexfs/src/channel/discord/embed.rs
101 crates/cortexfs/src/channel/discord/gateway.rs
48 crates/cortexfs/src/channel/discord/invoke.rs
104 crates/cortexfs/src/channel/discord/message.rs
51 crates/cortexfs/src/channel/discord/parse.rs
148 crates/cortexfs/src/channel/discord/progress.rs
72 crates/cortexfs/src/channel/discord/request.rs
110 crates/cortexfs/src/channel/discord.rs
64 crates/cortexfs/src/channel/discord/thread.rs
65 crates/cortexfs/src/channel/discord/transport.rs
65 crates/cortexfs/src/channel/discord/upload.rs
129 crates/cortexfs/src/channel/driverhandle.rs
72 crates/cortexfs/src/channel/driver/hub/control.rs
68 crates/cortexfs/src/channel/driver/hub/pending.rs
100 crates/cortexfs/src/channel/driver/hub.rs
71 crates/cortexfs/src/channel/driver/hub/send.rs
36 crates/cortexfs/src/channel/driver/pool.rs
118 crates/cortexfs/src/channel/driverprogress/command.rs
101 crates/cortexfs/src/channel/driverprogress/interaction.rs
118 crates/cortexfs/src/channel/driverprogress.rs
35 crates/cortexfs/src/channel/driverprogress/writer.rs
39 crates/cortexfs/src/channel/driver/reader.rs
76 crates/cortexfs/src/channel/driver.rs
98 crates/cortexfs/src/channel/driver/session/features.rs
92 crates/cortexfs/src/channel/driver/session/input.rs
65 crates/cortexfs/src/channel/driver/session/output.rs
79 crates/cortexfs/src/channel/driver/session.rs
79 crates/cortexfs/src/channel/driver/worker.rs
48 crates/cortexfs/src/channel/email/attachment.rs
110 crates/cortexfs/src/channel/email/control/ops.rs
63 crates/cortexfs/src/channel/email/control.rs
130 crates/cortexfs/src/channel/email/imap.rs
89 crates/cortexfs/src/channel/email.rs
89 crates/cortexfs/src/channel/email/smtp.rs
45 crates/cortexfs/src/channel/event.rs
91 crates/cortexfs/src/channel/http/parse.rs
103 crates/cortexfs/src/channel/http.rs
54 crates/cortexfs/src/channel/http/test.rs
40 crates/cortexfs/src/channel/irc/control/ops.rs
92 crates/cortexfs/src/channel/irc/control.rs
90 crates/cortexfs/src/channel/irc.rs
70 crates/cortexfs/src/channel/irc/runner.rs
19 crates/cortexfs/src/channel/irc/wire.rs
83 crates/cortexfs/src/channel/matrix/api.rs
70 crates/cortexfs/src/channel/matrix/config.rs
107 crates/cortexfs/src/channel/matrix/control/handler.rs
97 crates/cortexfs/src/channel/matrix/control/invoke.rs
72 crates/cortexfs/src/channel/matrix/control/ops.rs
40 crates/cortexfs/src/channel/matrix/control.rs
40 crates/cortexfs/src/channel/matrix.rs
64 crates/cortexfs/src/channel/matrix/sync.rs
55 crates/cortexfs/src/channel/mattermost/api.rs
91 crates/cortexfs/src/channel/mattermost/config.rs
89 crates/cortexfs/src/channel/mattermost/control/handler.rs
92 crates/cortexfs/src/channel/mattermost/control/invoke.rs
40 crates/cortexfs/src/channel/mattermost/control.rs
49 crates/cortexfs/src/channel/mattermost/control/upload.rs
39 crates/cortexfs/src/channel/mattermost/host.rs
56 crates/cortexfs/src/channel/mattermost.rs
35 crates/cortexfs/src/channel/mattermost/transport.rs
60 crates/cortexfs/src/channel/mochat/api.rs
68 crates/cortexfs/src/channel/mochat/config.rs
120 crates/cortexfs/src/channel/mochat/control.rs
90 crates/cortexfs/src/channel/mochat.rs
81 crates/cortexfs/src/channel/notion/api/query.rs
106 crates/cortexfs/src/channel/notion/api.rs
95 crates/cortexfs/src/channel/notion/api/write.rs
110 crates/cortexfs/src/channel/notion/config.rs
62 crates/cortexfs/src/channel/notion/control/ops.rs
70 crates/cortexfs/src/channel/notion/control.rs
121 crates/cortexfs/src/channel/notion.rs
12 crates/cortexfs/src/channel/progress.rs
43 crates/cortexfs/src/channel/qq/api.rs
98 crates/cortexfs/src/channel/qq/config.rs
70 crates/cortexfs/src/channel/qq/control/handler.rs
62 crates/cortexfs/src/channel/qq/control/invoke.rs
32 crates/cortexfs/src/channel/qq/control.rs
110 crates/cortexfs/src/channel/qq/gateway.rs
54 crates/cortexfs/src/channel/qq.rs
120 crates/cortexfs/src/channel/reddit/api.rs
44 crates/cortexfs/src/channel/reddit/config.rs
85 crates/cortexfs/src/channel/reddit/control/ops.rs
61 crates/cortexfs/src/channel/reddit/control/request.rs
77 crates/cortexfs/src/channel/reddit/control.rs
75 crates/cortexfs/src/channel/reddit.rs
36 crates/cortexfs/src/channel.rs
102 crates/cortexfs/src/channel/signal/control/ops.rs
57 crates/cortexfs/src/channel/signal/control.rs
112 crates/cortexfs/src/channel/signal.rs
63 crates/cortexfs/src/channel/telegram/api.rs
88 crates/cortexfs/src/channel/telegram/control/handler.rs
81 crates/cortexfs/src/channel/telegram/control/invoke.rs
42 crates/cortexfs/src/channel/telegram/control.rs
112 crates/cortexfs/src/channel/telegram/message.rs
167 crates/cortexfs/src/channel/telegram/progress.rs
44 crates/cortexfs/src/channel/telegram/request.rs
125 crates/cortexfs/src/channel/telegram.rs
49 crates/cortexfs/src/channel/twitch/control/ops.rs
97 crates/cortexfs/src/channel/twitch/control.rs
110 crates/cortexfs/src/channel/twitch.rs
18 crates/cortexfs/src/channel/twitch/tls.rs
94 crates/cortexfs/src/channel/twitter/api.rs
70 crates/cortexfs/src/channel/twitter/config.rs
69 crates/cortexfs/src/channel/twitter/control/ops.rs
34 crates/cortexfs/src/channel/twitter/control.rs
94 crates/cortexfs/src/channel/twitter/control/transport.rs
116 crates/cortexfs/src/channel/twitter.rs
25 crates/cortexfs/src/channel/twitter/text.rs
9 crates/cortexfs/src/cli/alias.rs
23 crates/cortexfs/src/cli/create.rs
28 crates/cortexfs/src/cli/error.rs
23 crates/cortexfs/src/cli/input.rs
4 crates/cortexfs/src/cli/json.rs
36 crates/cortexfs/src/cli/nofollow.rs
6 crates/cortexfs/src/cli/procfd.rs
28 crates/cortexfs/src/cli.rs
38 crates/cortexfs/src/cli/shell.rs
27 crates/cortexfs/src/cli/stale.rs
8 crates/cortexfs/src/cli/stderr.rs
69 crates/cortexfs/src/cli/terminal.rs
28 crates/cortexfs/src/cli/text.rs
36 crates/cortexfs/src/cli/uid.rs
78 crates/cortexfs/src/context/inspect.rs
263 crates/cortexfs/src/context/jsonl.rs
87 crates/cortexfs/src/context/pack.rs
4 crates/cortexfs/src/context.rs
140 crates/cortexfs/src/context/source.rs
130 crates/cortexfs/src/exports.rs
210 crates/cortexfs/src/fuse/alias.rs
25 crates/cortexfs/src/fuse/mime.rs
120 crates/cortexfs/src/fuse/path.rs
60 crates/cortexfs/src/fuse/projection/context.rs
63 crates/cortexfs/src/fuse/projection/controls.rs
1523 crates/cortexfs/src/fuse/projection/core.rs
20 crates/cortexfs/src/fuse/projection/plain.rs
10 crates/cortexfs/src/fuse/projection.rs
400 crates/cortexfs/src/fuse/projection/virtuals.rs
186 crates/cortexfs/src/fuse/provider.rs
7 crates/cortexfs/src/fuse.rs
380 crates/cortexfs/src/fuse/socket.rs
226 crates/cortexfs/src/fuse/types.rs
17 crates/cortexfs/src/imports.rs
685 crates/cortexfs/src/lib.rs
275 crates/cortexfs/src/mount/driver/alias.rs
624 crates/cortexfs/src/mount/driver/filesystem.rs
730 crates/cortexfs/src/mount/driver/helpers.rs
104 crates/cortexfs/src/mount/driver/helpers/statfs.rs
19 crates/cortexfs/src/mount/driver/init.rs
15 crates/cortexfs/src/mount/driver/lifecycle.rs
144 crates/cortexfs/src/mount/driver/permissions.rs
92 crates/cortexfs/src/mount/driver/readdirplus.rs
14 crates/cortexfs/src/mount/driver/readonly.rs
321 crates/cortexfs/src/mount/driver.rs
9 crates/cortexfs/src/mount.rs
248 crates/cortexfs/src/mount/table.rs
327 crates/cortexfs/src/object/bootstrap.rs
24 crates/cortexfs/src/object/executor/access.rs
386 crates/cortexfs/src/object/executor/agent.rs
93 crates/cortexfs/src/object/executor/args.rs
113 crates/cortexfs/src/object/executor/call.rs
31 crates/cortexfs/src/object/executor/error.rs
977 crates/cortexfs/src/object/executor/exec.rs
44 crates/cortexfs/src/object/executor/frames.rs
338 crates/cortexfs/src/object/executor/inference.rs
276 crates/cortexfs/src/object/executor/model.rs
207 crates/cortexfs/src/object/executor/output.rs
117 crates/cortexfs/src/object/executor/path.rs
76 crates/cortexfs/src/object/executor/policy.rs
152 crates/cortexfs/src/object/executor.rs
25 crates/cortexfs/src/object/executor/timeout.rs
135 crates/cortexfs/src/object/executor/tool.rs
108 crates/cortexfs/src/object/executor/wire.rs
1443 crates/cortexfs/src/object/install.rs
24 crates/cortexfs/src/object/layout/disk.rs
443 crates/cortexfs/src/object/layout.rs
50 crates/cortexfs/src/object/mcp.rs
241 crates/cortexfs/src/object/metadata.rs
512 crates/cortexfs/src/object/receipt.rs
550 crates/cortexfs/src/object/replace.rs
149 crates/cortexfs/src/object/residue/audit.rs
482 crates/cortexfs/src/object/residue/cleanup.rs
199 crates/cortexfs/src/object/residue/plan.rs
352 crates/cortexfs/src/object/residue.rs
67 crates/cortexfs/src/object.rs
446 crates/cortexfs/src/object/runner/completion.rs
99 crates/cortexfs/src/object/runner/config.rs
10 crates/cortexfs/src/object/runner/context.rs
253 crates/cortexfs/src/object/runner/credentials.rs
221 crates/cortexfs/src/object/runner/curl.rs
198 crates/cortexfs/src/object/runner/requests.rs
413 crates/cortexfs/src/object/runner/responses.rs
26 crates/cortexfs/src/object/runner/retry.rs
447 crates/cortexfs/src/object/runner/routes.rs
42 crates/cortexfs/src/object/runner.rs
87 crates/cortexfs/src/object/runner/streaming/action.rs
72 crates/cortexfs/src/object/runner/streaming/close.rs
52 crates/cortexfs/src/object/runner/streaming/drain.rs
69 crates/cortexfs/src/object/runner/streaming/event.rs
91 crates/cortexfs/src/object/runner/streaming/pipe.rs
107 crates/cortexfs/src/object/runner/streaming/reply.rs
74 crates/cortexfs/src/object/runner/streaming/response.rs
20 crates/cortexfs/src/object/runner/streaming.rs
92 crates/cortexfs/src/object/runner/streaming/text.rs
109 crates/cortexfs/src/object/runner/streaming/tool.rs
90 crates/cortexfs/src/object/runner/types.rs
254 crates/cortexfs/src/object/swap.rs
209 crates/cortexfs/src/object/uninstall.rs
29 crates/cortexfs/src/policy/evaluator.rs
277 crates/cortexfs/src/policy.rs
18 crates/cortexfs/src/policy/subject.rs
102 crates/cortexfs/src/provider/alias.rs
241 crates/cortexfs/src/provider/auth/adapter.rs
43 crates/cortexfs/src/provider/auth/anthropic.rs
63 crates/cortexfs/src/provider/auth/codexdevice.rs
301 crates/cortexfs/src/provider/auth/common.rs
78 crates/cortexfs/src/provider/auth/copilot.rs
63 crates/cortexfs/src/provider/auth/credential.rs
64 crates/cortexfs/src/provider/auth/deviceparse.rs
107 crates/cortexfs/src/provider/auth/device.rs
41 crates/cortexfs/src/provider/auth/factory.rs
60 crates/cortexfs/src/provider/auth/model.rs
65 crates/cortexfs/src/provider/auth/openai.rs
57 crates/cortexfs/src/provider/auth/persist.rs
83 crates/cortexfs/src/provider/auth/profile.rs
92 crates/cortexfs/src/provider/auth/protocol.rs
132 crates/cortexfs/src/provider/auth/registry.rs
122 crates/cortexfs/src/provider/auth.rs
73 crates/cortexfs/src/provider/auth/transport.rs
139 crates/cortexfs/src/provider/auth/wire.rs
301 crates/cortexfs/src/provider/catalog.rs
58 crates/cortexfs/src/provider/config.rs
375 crates/cortexfs/src/provider/discovery.rs
64 crates/cortexfs/src/provider/link.rs
182 crates/cortexfs/src/provider/model/routes.rs
386 crates/cortexfs/src/provider/model.rs
154 crates/cortexfs/src/provider/name/files.rs
107 crates/cortexfs/src/provider/name/names.rs
14 crates/cortexfs/src/provider/name.rs
167 crates/cortexfs/src/provider/name/secrets.rs
103 crates/cortexfs/src/provider/name/selection.rs
890 crates/cortexfs/src/provider/oauth.rs
637 crates/cortexfs/src/provider/project.rs
51 crates/cortexfs/src/provider.rs
148 crates/cortexfs/src/provider/snapshot.rs
84 crates/cortexfs/src/reference/bootstrap/channels.rs
713 crates/cortexfs/src/reference/bootstrap/core.rs
11 crates/cortexfs/src/reference/bootstrap.rs
170 crates/cortexfs/src/reference/bootstrap/tools.rs
340 crates/cortexfs/src/reference/bootstrap/upgrade.rs
52 crates/cortexfs/src/reference/build.rs
288 crates/cortexfs/src/reference/helpers/filesystem.rs
7 crates/cortexfs/src/reference/helpers.rs
261 crates/cortexfs/src/reference/helpers/sessions.rs
104 crates/cortexfs/src/reference/inspect.rs
55 crates/cortexfs/src/reference/lock.rs
82 crates/cortexfs/src/reference/provenance.rs
51 crates/cortexfs/src/reference/reconcile.rs
15 crates/cortexfs/src/reference.rs
171 crates/cortexfs/src/reference/stage.rs
422 crates/cortexfs/src/reference/storage.rs
101 crates/cortexfs/src/reference/tree.rs
51 crates/cortexfs/src/runtime/channelcaps.rs
122 crates/cortexfs/src/runtime/channelenv.rs
116 crates/cortexfs/src/runtime/channel.rs
71 crates/cortexfs/src/runtime/compactabi.rs
99 crates/cortexfs/src/runtime/compactexec.rs
1443 crates/cortexfs/src/runtime/control.rs
63 crates/cortexfs/src/runtime/egress/http/auth.rs
77 crates/cortexfs/src/runtime/egress/http/curl.rs
112 crates/cortexfs/src/runtime/egress/http/header.rs
34 crates/cortexfs/src/runtime/egress/http/policy.rs
76 crates/cortexfs/src/runtime/egress/http/process.rs
54 crates/cortexfs/src/runtime/egress/http/request.rs
58 crates/cortexfs/src/runtime/egress/http.rs
78 crates/cortexfs/src/runtime/egress/http/transfer.rs
103 crates/cortexfs/src/runtime/egress/plan.rs
200 crates/cortexfs/src/runtime/egress.rs
48 crates/cortexfs/src/runtime/egress/secret.rs
39 crates/cortexfs/src/runtime/egress/target.rs
72 crates/cortexfs/src/runtime/hookabi.rs
83 crates/cortexfs/src/runtime/hookexec.rs
60 crates/cortexfs/src/runtime/hooks.rs
31 crates/cortexfs/src/runtime/observation.rs
1500 crates/cortexfs/src/runtime/record/child.rs
169 crates/cortexfs/src/runtime/record/context.rs
13 crates/cortexfs/src/runtime/record.rs
37 crates/cortexfs/src/runtime/record/schedule/advance.rs
91 crates/cortexfs/src/runtime/record/schedule/complete.rs
72 crates/cortexfs/src/runtime/record/schedule/record.rs
7 crates/cortexfs/src/runtime/record/schedule.rs
1218 crates/cortexfs/src/runtime/record/session.rs
324 crates/cortexfs/src/runtime/record/socket.rs
16 crates/cortexfs/src/runtime.rs
364 crates/cortexfs/src/runtime/socket/bwrap.rs
332 crates/cortexfs/src/runtime/socket/events.rs
119 crates/cortexfs/src/runtime/socket/exec/approval.rs
53 crates/cortexfs/src/runtime/socket/exec/delivery.rs
108 crates/cortexfs/src/runtime/socket/exec/diagnostic.rs
2165 crates/cortexfs/src/runtime/socket/exec.rs
380 crates/cortexfs/src/runtime/socket.rs
166 crates/cortexfs/src/runtime/socket/session.rs
57 crates/cortexfs/src/runtime/socket/status.rs
120 crates/cortexfs/src/runtime/socket/stream.rs
138 crates/cortexfs/src/runtime/socket/stream/timing.rs
92 crates/cortexfs/src/runtime/state.rs
70 crates/cortexfs/src/runtime/terminal/broker/client.rs
54 crates/cortexfs/src/runtime/terminal/broker/fd.rs
77 crates/cortexfs/src/runtime/terminal/broker/frame.rs
90 crates/cortexfs/src/runtime/terminal/broker/grant.rs
21 crates/cortexfs/src/runtime/terminal/broker/handle.rs
71 crates/cortexfs/src/runtime/terminal/broker/peer.rs
71 crates/cortexfs/src/runtime/terminal/broker/protocol.rs
60 crates/cortexfs/src/runtime/terminal/broker.rs
73 crates/cortexfs/src/runtime/terminal/broker/server.rs
119 crates/cortexfs/src/runtime/terminal/broker/session.rs
117 crates/cortexfs/src/runtime/terminal/broker/state.rs
42 crates/cortexfs/src/runtime/terminal/broker/supervisor.rs
118 crates/cortexfs/src/runtime/terminal/event.rs
108 crates/cortexfs/src/runtime/terminal.rs
389 crates/cortexfs/src/runtime/types.rs
63 crates/cortexfs/src/support/bwrap.rs
2934 crates/cortexfs/src/support/columnar.rs
28 crates/cortexfs/src/support/command.rs
198 crates/cortexfs/src/support/control.rs
424 crates/cortexfs/src/support/index.rs
126 crates/cortexfs/src/support/jsonl.rs
258 crates/cortexfs/src/support/layout.rs
91 crates/cortexfs/src/support/manuals.rs
167 crates/cortexfs/src/support/message.rs
17 crates/cortexfs/src/support/path.rs
506 crates/cortexfs/src/support/plain.rs
333 crates/cortexfs/src/support/process.rs
54 crates/cortexfs/src/support/proc.rs
25 crates/cortexfs/src/support/queue.rs
87 crates/cortexfs/src/support/quota.rs
50 crates/cortexfs/src/support/receipt/entry.rs
27 crates/cortexfs/src/support/receipt/hook.rs
116 crates/cortexfs/src/support/receipt/park.rs
555 crates/cortexfs/src/support/receipt.rs
24 crates/cortexfs/src/support.rs
56 crates/cortexfs/src/support/schema.rs
269 crates/cortexfs/src/support/session.rs
323 crates/cortexfs/src/support/stream.rs
13 crates/cortexfs/src/support/terminal.rs
264 crates/cortexfs/src/support/toolpath.rs
578 crates/cortexfs/src/support/trajectory/map.rs
9 crates/cortexfs/src/support/trajectory.rs
140 crates/cortexfs/src/support/trajectory/types.rs
251 crates/cortexfs/src/support/trajectory/validate.rs
2 crates/cortexfs/src/tool/core.rs
154 crates/cortexfs/src/tool/core/runtime.rs
262 crates/cortexfs/src/tool/core/tools/config.rs
256 crates/cortexfs/src/tool/core/tools/files.rs
45 crates/cortexfs/src/tool/core/tools/inspect/cli.rs
120 crates/cortexfs/src/tool/core/tools/inspect.rs
142 crates/cortexfs/src/tool/core/tools.rs
128 crates/cortexfs/src/tool/core/tools/schemas.rs
106 crates/cortexfs/src/tool/core/tools/shell.rs
42 crates/cortexfs/src/tool/invokeresolve.rs
40 crates/cortexfs/src/tool/invokestrategy.rs
9 crates/cortexfs/src/tool.rs
264 crates/cortexfs/src/tool/state.rs
36 crates/cortexfs-tool-sdk/examples/echo_tool.rs
42 crates/cortexfs-tool-sdk/src/builtin.rs
676 crates/cortexfs-tool-sdk/src/lib.rs
